// Jest Snapshot v1, https://goo.gl/fbAQLP

exports[`<Nav /> snapshot is valid 1`] = `
<article
  className="Nav Nav--undefined"
>
  <Hamburger />
  <ul>
    <NavLink
      activeClassName="Nav__link--active"
      aria-current="page"
      className="Nav__link"
      key="about"
      to="/about"
    >
      <span>
        Trip
      </span>
      <div />
    </NavLink>
    <NavLink
      activeClassName="Nav__link--active"
      aria-current="page"
      className="Nav__link"
      key="map"
      to="/map"
    >
      <span>
        Map
      </span>
      <div />
    </NavLink>
    <NavLink
      activeClassName="Nav__link--active"
      aria-current="page"
      className="Nav__link"
      key="podcast"
      to="/podcast"
    >
      <span>
        Podcast
      </span>
      <div />
    </NavLink>
    <NavLink
      activeClassName="Nav__link--active"
      aria-current="page"
      className="Nav__link"
      key="contact"
      to="/contact"
    >
      <span>
        Contact
      </span>
      <div />
    </NavLink>
    <NavLink
      activeClassName="Nav__link--active"
      aria-current="page"
      className="Nav__link"
      key="support"
      to="/support"
    >
      <span>
        Support
      </span>
      <div />
    </NavLink>
  </ul>
</article>
`;
