// Jest Snapshot v1, https://goo.gl/fbAQLP

exports[`<Contact /> snapshot is valid 1`] = `
Array [
  <article
    className="contact"
>
    <h3>
        We would love to hear from you!
    </h3>
    <section>
        <p>
            Email us at
            <a
                href="mailto:thespokentour@gmail.com"
                rel="noopener noreferrer"
                target="_blank"
            >
                thespokentour@gmail.com
            </a>
        </p>
        <p>
            Follow us on Instagram
            <a
                href="https://www.instagram.com/thespokentour/"
                rel="noopener noreferrer"
                target="_blank"
            >
                @thespokentour
            </a>
        </p>
    </section>
    <ContactForm />
</article>,
]
`;
