// Jest Snapshot v1, https://goo.gl/fbAQLP

exports[`<Header /> snapshot is valid 1`] = `
<article
  className="Header"
>
  <img
    alt="logo"
    className="Header__logo"
    src="wheel.svg"
  />
  <h3>
    <Link
      replace={false}
      to="/landing"
    >
      The Spoken Tour
    </Link>
  </h3>
</article>
`;
