// Jest Snapshot v1, https://goo.gl/fbAQLP

exports[`<Legend /> snapshot is valid 1`] = `
<article
  className="Legend"
>
  <h4>
    Legend
  </h4>
  <ul>
    <li>
      <span
        style={
          Object {
            "fontWeight": "bold",
          }
        }
      >
        ―― 
      </span>
       → Planned Route
    </li>
    <li>
      <span
        style={
          Object {
            "color": "#f00",
            "fontWeight": "bold",
          }
        }
      >
        ―― 
      </span>
       → Actual Route
    </li>
    <li>
      <Emoji
        emoji="🚲"
      />
      → That's Us! ( as of 
      TODAY
       )
    </li>
    <li>
      <span>
        <Emoji
          emoji="🏳"
        />
      </span>
       → Day-to-Day (click flag to hide/show flag markers)
    </li>
    <Category
      category="stay"
      key="0"
    />
  </ul>
</article>
`;
