// Jest Snapshot v1, https://goo.gl/fbAQLP

exports[`<Checkbox /> snapshot is valid 1`] = `
<article
  className="checkbox"
>
  <input
    checked={false}
    id="stay"
    onChange={[Function]}
    type="checkbox"
    value="stay"
  />
  <label
    htmlFor="stay"
  >
    Places to Stay
  </label>
</article>
`;
