// Jest Snapshot v1, https://goo.gl/fbAQLP

exports[`<Checkbox /> snapshot is valid 1`] = `
Array [
  <article
    className="checkbox"
>
    <input
        checked={false}
        onChange={[Function]}
        type="checkbox"
        value="stay"
    />
    <label>
        Places to Stay
    </label>
</article>,
]
`;
