// Jest Snapshot v1, https://goo.gl/fbAQLP

exports[`<Home /> snapshot is valid 1`] = `
<article
  className="home"
>
  <img
    alt="bicycle"
    src="http://www.clipartbest.com/cliparts/7ca/6EB/7ca6EBkMi.png"
  />
  <div
    className="content"
  >
    <Link
      onlyActiveOnIndex={false}
      style={Object {}}
      to="/landing"
    >
      Pedal to our site!
    </Link>
  </div>
</article>
`;
